.venv/bin/python3 scripts/spark_kafka_inference_consumer_v3.py
WARNING: Using incubator modules: jdk.incubator.vector
Using Spark's default log4j profile: org/apache/spark/log4j2-defaults.properties
26/04/30 05:42:32 WARN Utils: Your hostname, rajas-MacBook-Air.local, resolves to a loopback address: 127.0.0.1; using 10.135.86.226 instead (on interface en0)
26/04/30 05:42:32 WARN Utils: Set SPARK_LOCAL_IP if you need to bind to another address
:: loading settings :: url = jar:file:/Users/raja/Desktop/bd/.venv/lib/python3.10/site-packages/pyspark/jars/ivy-2.5.3.jar!/org/apache/ivy/core/settings/ivysettings.xml
Ivy Default Cache set to: /Users/raja/.ivy2.5.2/cache
The jars for the packages stored in: /Users/raja/.ivy2.5.2/jars
org.apache.spark#spark-sql-kafka-0-10_2.13 added as a dependency
:: resolving dependencies :: org.apache.spark#spark-submit-parent-01ed321b-7b99-4416-bd99-09cc51feaffb;1.0
	confs: [default]
	found org.apache.spark#spark-sql-kafka-0-10_2.13;4.1.1 in central
	found org.apache.spark#spark-token-provider-kafka-0-10_2.13;4.1.1 in central
	found org.apache.kafka#kafka-clients;3.9.1 in central
	found org.lz4#lz4-java;1.8.0 in central
	found org.xerial.snappy#snappy-java;1.1.10.8 in central
	found org.slf4j#slf4j-api;2.0.17 in central
	found org.apache.hadoop#hadoop-client-runtime;3.4.2 in central
	found org.apache.hadoop#hadoop-client-api;3.4.2 in central
	found com.google.code.findbugs#jsr305;3.0.0 in central
	found org.scala-lang.modules#scala-parallel-collections_2.13;1.2.0 in central
	found org.apache.commons#commons-pool2;2.12.1 in central
:: resolution report :: resolve 233ms :: artifacts dl 5ms
	:: modules in use:
	com.google.code.findbugs#jsr305;3.0.0 from central in [default]
	org.apache.commons#commons-pool2;2.12.1 from central in [default]
	org.apache.hadoop#hadoop-client-api;3.4.2 from central in [default]
	org.apache.hadoop#hadoop-client-runtime;3.4.2 from central in [default]
	org.apache.kafka#kafka-clients;3.9.1 from central in [default]
	org.apache.spark#spark-sql-kafka-0-10_2.13;4.1.1 from central in [default]
	org.apache.spark#spark-token-provider-kafka-0-10_2.13;4.1.1 from central in [default]
	org.lz4#lz4-java;1.8.0 from central in [default]
	org.scala-lang.modules#scala-parallel-collections_2.13;1.2.0 from central in [default]
	org.slf4j#slf4j-api;2.0.17 from central in [default]
	org.xerial.snappy#snappy-java;1.1.10.8 from central in [default]
	---------------------------------------------------------------------
	|                  |            modules            ||   artifacts   |
	|       conf       | number| search|dwnlded|evicted|| number|dwnlded|
	---------------------------------------------------------------------
	|      default     |   11  |   0   |   0   |   0   ||   11  |   0   |
	---------------------------------------------------------------------
:: retrieving :: org.apache.spark#spark-submit-parent-01ed321b-7b99-4416-bd99-09cc51feaffb
	confs: [default]
	0 artifacts copied, 11 already retrieved (0kB/3ms)
26/04/30 05:42:33 WARN NativeCodeLoader: Unable to load native-hadoop library for your platform... using builtin-java classes where applicable
Using Spark's default log4j profile: org/apache/spark/log4j2-defaults.properties
Setting default log level to "WARN".
To adjust logging level use sc.setLogLevel(newLevel). For SparkR, use setLogLevel(newLevel).
26/04/30 05:42:37 WARN ResolveWriteToStream: spark.sql.adaptive.enabled is not supported in streaming DataFrames/Datasets and will be disabled.
26/04/30 05:42:38 WARN SparkStringUtils: Truncated the string representation of a plan since it was too large. This behavior can be adjusted by setting 'spark.sql.debug.maxToStringFields'.
26/04/30 05:42:40 WARN ProcessingTimeExecutor: Current batch is falling behind. The trigger interval is 1000 milliseconds, but spent 1912 milliseconds
26/04/30 05:42:44 WARN ProcessingTimeExecutor: Current batch is falling behind. The trigger interval is 1000 milliseconds, but spent 1096 milliseconds
[Stage 22:>                                                         (0 + 1) / 1]                                                                                [Stage 25:>                                                         (0 + 1) / 1]                                                                                26/04/30 05:42:49 WARN ProcessingTimeExecutor: Current batch is falling behind. The trigger interval is 1000 milliseconds, but spent 1540 milliseconds
make: *** [spark-stream-consumer] Terminated: 15
